// Jest Snapshot v1, https://goo.gl/fbAQLP

exports[`Button Testing component rendering matches snapshot correctly 1`] = `
Object {
  "asFragment": [Function],
  "baseElement": .c0 {
  display: -webkit-box;
  display: -webkit-flex;
  display: -ms-flexbox;
  display: flex;
  -webkit-align-items: center;
  -webkit-box-align: center;
  -ms-flex-align: center;
  align-items: center;
  -webkit-box-pack: center;
  -webkit-justify-content: center;
  -ms-flex-pack: center;
  justify-content: center;
  border: none;
  border-radius: 29px;
  -webkit-transition: filter 0.2s;
  transition: filter 0.2s;
  -webkit-transition: 0.2s ease-in;
  transition: 0.2s ease-in;
  color: #393E46;
  width: 172px;
  height: 28px;
  background-color: #F5F7FE;
}

.c0:hover {
  -webkit-filter: brightness(0.9);
  filter: brightness(0.9);
  cursor: pointer;
}

.c0 svg {
  margin-left: 5px;
}

<body>
    <div>
      <button
        class="c0"
        role="button"
      >
        Button
      </button>
    </div>
    <div>
      <button
        class="c0"
        role="button"
      >
        Button
      </button>
    </div>
  </body>,
  "container": .c0 {
  display: -webkit-box;
  display: -webkit-flex;
  display: -ms-flexbox;
  display: flex;
  -webkit-align-items: center;
  -webkit-box-align: center;
  -ms-flex-align: center;
  align-items: center;
  -webkit-box-pack: center;
  -webkit-justify-content: center;
  -ms-flex-pack: center;
  justify-content: center;
  border: none;
  border-radius: 29px;
  -webkit-transition: filter 0.2s;
  transition: filter 0.2s;
  -webkit-transition: 0.2s ease-in;
  transition: 0.2s ease-in;
  color: #393E46;
  width: 172px;
  height: 28px;
  background-color: #F5F7FE;
}

.c0:hover {
  -webkit-filter: brightness(0.9);
  filter: brightness(0.9);
  cursor: pointer;
}

.c0 svg {
  margin-left: 5px;
}

<div>
    <button
      class="c0"
      role="button"
    >
      Button
    </button>
  </div>,
  "debug": [Function],
  "findAllByAltText": [Function],
  "findAllByDisplayValue": [Function],
  "findAllByLabelText": [Function],
  "findAllByPlaceholderText": [Function],
  "findAllByRole": [Function],
  "findAllByTestId": [Function],
  "findAllByText": [Function],
  "findAllByTitle": [Function],
  "findByAltText": [Function],
  "findByDisplayValue": [Function],
  "findByLabelText": [Function],
  "findByPlaceholderText": [Function],
  "findByRole": [Function],
  "findByTestId": [Function],
  "findByText": [Function],
  "findByTitle": [Function],
  "getAllByAltText": [Function],
  "getAllByDisplayValue": [Function],
  "getAllByLabelText": [Function],
  "getAllByPlaceholderText": [Function],
  "getAllByRole": [Function],
  "getAllByTestId": [Function],
  "getAllByText": [Function],
  "getAllByTitle": [Function],
  "getByAltText": [Function],
  "getByDisplayValue": [Function],
  "getByLabelText": [Function],
  "getByPlaceholderText": [Function],
  "getByRole": [Function],
  "getByTestId": [Function],
  "getByText": [Function],
  "getByTitle": [Function],
  "queryAllByAltText": [Function],
  "queryAllByDisplayValue": [Function],
  "queryAllByLabelText": [Function],
  "queryAllByPlaceholderText": [Function],
  "queryAllByRole": [Function],
  "queryAllByTestId": [Function],
  "queryAllByText": [Function],
  "queryAllByTitle": [Function],
  "queryByAltText": [Function],
  "queryByDisplayValue": [Function],
  "queryByLabelText": [Function],
  "queryByPlaceholderText": [Function],
  "queryByRole": [Function],
  "queryByTestId": [Function],
  "queryByText": [Function],
  "queryByTitle": [Function],
  "rerender": [Function],
  "unmount": [Function],
}
`;
