// Jest Snapshot v1, https://goo.gl/fbAQLP

exports[`Number Testing component rendering matches snapshot correctly 1`] = `
Object {
  "asFragment": [Function],
  "baseElement": .c0 {
  background: linear-gradient(180.32deg,#810000 15.34%,#ff8d66 98.15%);
  box-shadow: 0px 2px 2px rgba(84,89,118,0.46);
  display: -webkit-box;
  display: -webkit-flex;
  display: -ms-flexbox;
  display: flex;
  -webkit-align-items: center;
  -webkit-box-align: center;
  -ms-flex-align: center;
  align-items: center;
  -webkit-box-pack: center;
  -webkit-justify-content: center;
  -ms-flex-pack: center;
  justify-content: center;
  width: 26px;
  height: 26px;
  border-radius: 50%;
  font-size: 14px;
  font-weight: 400;
  line-height: 39px;
  text-transform: capitalize;
  color: #F5F7FE;
}

@media (max-width:768px) {
  .c0 {
    background: #cc0000;
  }
}

<body>
    <div>
      <span
        class="c0"
      >
        10
      </span>
    </div>
    <div>
      <span
        class="c0"
      >
        10
      </span>
    </div>
  </body>,
  "container": .c0 {
  background: linear-gradient(180.32deg,#810000 15.34%,#ff8d66 98.15%);
  box-shadow: 0px 2px 2px rgba(84,89,118,0.46);
  display: -webkit-box;
  display: -webkit-flex;
  display: -ms-flexbox;
  display: flex;
  -webkit-align-items: center;
  -webkit-box-align: center;
  -ms-flex-align: center;
  align-items: center;
  -webkit-box-pack: center;
  -webkit-justify-content: center;
  -ms-flex-pack: center;
  justify-content: center;
  width: 26px;
  height: 26px;
  border-radius: 50%;
  font-size: 14px;
  font-weight: 400;
  line-height: 39px;
  text-transform: capitalize;
  color: #F5F7FE;
}

@media (max-width:768px) {
  .c0 {
    background: #cc0000;
  }
}

<div>
    <span
      class="c0"
    >
      10
    </span>
  </div>,
  "debug": [Function],
  "findAllByAltText": [Function],
  "findAllByDisplayValue": [Function],
  "findAllByLabelText": [Function],
  "findAllByPlaceholderText": [Function],
  "findAllByRole": [Function],
  "findAllByTestId": [Function],
  "findAllByText": [Function],
  "findAllByTitle": [Function],
  "findByAltText": [Function],
  "findByDisplayValue": [Function],
  "findByLabelText": [Function],
  "findByPlaceholderText": [Function],
  "findByRole": [Function],
  "findByTestId": [Function],
  "findByText": [Function],
  "findByTitle": [Function],
  "getAllByAltText": [Function],
  "getAllByDisplayValue": [Function],
  "getAllByLabelText": [Function],
  "getAllByPlaceholderText": [Function],
  "getAllByRole": [Function],
  "getAllByTestId": [Function],
  "getAllByText": [Function],
  "getAllByTitle": [Function],
  "getByAltText": [Function],
  "getByDisplayValue": [Function],
  "getByLabelText": [Function],
  "getByPlaceholderText": [Function],
  "getByRole": [Function],
  "getByTestId": [Function],
  "getByText": [Function],
  "getByTitle": [Function],
  "queryAllByAltText": [Function],
  "queryAllByDisplayValue": [Function],
  "queryAllByLabelText": [Function],
  "queryAllByPlaceholderText": [Function],
  "queryAllByRole": [Function],
  "queryAllByTestId": [Function],
  "queryAllByText": [Function],
  "queryAllByTitle": [Function],
  "queryByAltText": [Function],
  "queryByDisplayValue": [Function],
  "queryByLabelText": [Function],
  "queryByPlaceholderText": [Function],
  "queryByRole": [Function],
  "queryByTestId": [Function],
  "queryByText": [Function],
  "queryByTitle": [Function],
  "rerender": [Function],
  "unmount": [Function],
}
`;
